[    0.000000] Linux version 4.15.0-74-generic (buildd@lcy01-amd64-022) (gcc version 7.4.0 (Ubuntu 7.4.0-1ubuntu1~18.04.1)) #84-Ubuntu SMP Thu Dec 19 08:06:28 UTC 2019 (Ubuntu 4.15.0-74.84-generic 4.15.18)
[    0.000000] Command line: BOOT_IMAGE=/boot/vmlinuz-4.15.0-74-generic root=LABEL=cloudimg-rootfs ro console=tty1 console=ttyS0
[    0.000000] KERNEL supported cpus:
[    0.000000]   Intel GenuineIntel
[    0.000000]   AMD AuthenticAMD
[    0.000000]   Centaur CentaurHauls
[    0.000000] x86/fpu: Supporting XSAVE feature 0x001: 'x87 floating point registers'
[    0.000000] x86/fpu: Supporting XSAVE feature 0x002: 'SSE registers'
[    0.000000] x86/fpu: Supporting XSAVE feature 0x004: 'AVX registers'
[    0.000000] x86/fpu: xstate_offset[2]:  576, xstate_sizes[2]:  256
[    0.000000] x86/fpu: Enabled xstate features 0x7, context size is 832 bytes, using 'standard' format.
[    0.000000] e820: BIOS-provided physical RAM map:
[    0.000000] BIOS-e820: [mem 0x0000000000000000-0x000000000009fbff] usable
[    0.000000] BIOS-e820: [mem 0x000000000009fc00-0x000000000009ffff] reserved
[    0.000000] BIOS-e820: [mem 0x00000000000f0000-0x00000000000fffff] reserved
[    0.000000] BIOS-e820: [mem 0x0000000000100000-0x000000003ffeffff] usable
[    0.000000] BIOS-e820: [mem 0x000000003fff0000-0x000000003fffffff] ACPI data
[    0.000000] BIOS-e820: [mem 0x00000000fec00000-0x00000000fec00fff] reserved
[    0.000000] BIOS-e820: [mem 0x00000000fee00000-0x00000000fee00fff] reserved
[    0.000000] BIOS-e820: [mem 0x00000000fffc0000-0x00000000ffffffff] reserved
[    0.000000] NX (Execute Disable) protection: active
[    0.000000] SMBIOS 2.5 present.
[    0.000000] DMI: innotek GmbH VirtualBox/VirtualBox, BIOS VirtualBox 12/01/2006
[    0.000000] Hypervisor detected: KVM
[    0.000000] e820: last_pfn = 0x3fff0 max_arch_pfn = 0x400000000
[    0.000000] MTRR: Disabled
[    0.000000] x86/PAT: MTRRs disabled, skipping PAT initialization too.
[    0.000000] CPU MTRRs all blank - virtualized system.
[    0.000000] x86/PAT: Configuration [0-7]: WB  WT  UC- UC  WB  WT  UC- UC  
[    0.000000] found SMP MP-table at [mem 0x0009fff0-0x0009ffff]
[    0.000000] Scanning 1 areas for low memory corruption
[    0.000000] RAMDISK: [mem 0x35a6d000-0x36d2dfff]
[    0.000000] ACPI: Early table checksum verification disabled
[    0.000000] ACPI: RSDP 0x00000000000E0000 000024 (v02 VBOX  )
[    0.000000] ACPI: XSDT 0x000000003FFF0030 00003C (v01 VBOX   VBOXXSDT 00000001 ASL  00000061)
[    0.000000] ACPI: FACP 0x000000003FFF00F0 0000F4 (v04 VBOX   VBOXFACP 00000001 ASL  00000061)
[    0.000000] ACPI: DSDT 0x000000003FFF0470 0022EA (v02 VBOX   VBOXBIOS 00000002 INTL 20100528)
[    0.000000] ACPI: FACS 0x000000003FFF0200 000040
[    0.000000] ACPI: FACS 0x000000003FFF0200 000040
[    0.000000] ACPI: APIC 0x000000003FFF0240 00005C (v02 VBOX   VBOXAPIC 00000001 ASL  00000061)
[    0.000000] ACPI: SSDT 0x000000003FFF02A0 0001CC (v01 VBOX   VBOXCPUT 00000002 INTL 20100528)
[    0.000000] No NUMA configuration found
[    0.000000] Faking a node at [mem 0x0000000000000000-0x000000003ffeffff]
[    0.000000] NODE_DATA(0) allocated [mem 0x3ffc5000-0x3ffeffff]
[    0.000000] kvm-clock: cpu 0, msr 0:3ff44001, primary cpu clock
[    0.000000] kvm-clock: Using msrs 4b564d01 and 4b564d00
[    0.000000] kvm-clock: using sched offset of 8483115266 cycles
[    0.000000] clocksource: kvm-clock: mask: 0xffffffffffffffff max_cycles: 0x1cd42e4dffb, max_idle_ns: 881590591483 ns
[    0.000000] Zone ranges:
[    0.000000]   DMA      [mem 0x0000000000001000-0x0000000000ffffff]
[    0.000000]   DMA32    [mem 0x0000000001000000-0x000000003ffeffff]
[    0.000000]   Normal   empty
[    0.000000]   Device   empty
[    0.000000] Movable zone start for each node
[    0.000000] Early memory node ranges
[    0.000000]   node   0: [mem 0x0000000000001000-0x000000000009efff]
[    0.000000]   node   0: [mem 0x0000000000100000-0x000000003ffeffff]
[    0.000000] Reserved but unavailable: 98 pages
[    0.000000] Initmem setup node 0 [mem 0x0000000000001000-0x000000003ffeffff]
[    0.000000] ACPI: PM-Timer IO Port: 0x4008
[    0.000000] IOAPIC[0]: apic_id 2, version 32, address 0xfec00000, GSI 0-23
[    0.000000] ACPI: INT_SRC_OVR (bus 0 bus_irq 0 global_irq 2 dfl dfl)
[    0.000000] ACPI: INT_SRC_OVR (bus 0 bus_irq 9 global_irq 9 low level)
[    0.000000] Using ACPI (MADT) for SMP configuration information
[    0.000000] smpboot: Allowing 2 CPUs, 0 hotplug CPUs
[    0.000000] PM: Registered nosave memory: [mem 0x00000000-0x00000fff]
[    0.000000] PM: Registered nosave memory: [mem 0x0009f000-0x0009ffff]
[    0.000000] PM: Registered nosave memory: [mem 0x000a0000-0x000effff]
[    0.000000] PM: Registered nosave memory: [mem 0x000f0000-0x000fffff]
[    0.000000] e820: [mem 0x40000000-0xfebfffff] available for PCI devices
[    0.000000] Booting paravirtualized kernel on KVM
[    0.000000] clocksource: refined-jiffies: mask: 0xffffffff max_cycles: 0xffffffff, max_idle_ns: 7645519600211568 ns
[    0.000000] random: get_random_bytes called from start_kernel+0x99/0x4fd with crng_init=0
[    0.000000] setup_percpu: NR_CPUS:8192 nr_cpumask_bits:2 nr_cpu_ids:2 nr_node_ids:1
[    0.000000] percpu: Embedded 45 pages/cpu s147456 r8192 d28672 u1048576
[    0.000000] PV qspinlock hash table entries: 256 (order: 0, 4096 bytes)
[    0.000000] Built 1 zonelists, mobility grouping on.  Total pages: 257913
[    0.000000] Policy zone: DMA32
[    0.000000] Kernel command line: BOOT_IMAGE=/boot/vmlinuz-4.15.0-74-generic root=LABEL=cloudimg-rootfs ro console=tty1 console=ttyS0
[    0.000000] Memory: 983076K/1048120K available (12300K kernel code, 2481K rwdata, 4260K rodata, 2428K init, 2704K bss, 65044K reserved, 0K cma-reserved)
[    0.000000] SLUB: HWalign=64, Order=0-3, MinObjects=0, CPUs=2, Nodes=1
[    0.000000] Kernel/User page tables isolation: enabled
[    0.000000] ftrace: allocating 39322 entries in 154 pages
[    0.004000] Hierarchical RCU implementation.
[    0.004000] 	RCU restricting CPUs from NR_CPUS=8192 to nr_cpu_ids=2.
[    0.004000] 	Tasks RCU enabled.
[    0.004000] RCU: Adjusting geometry for rcu_fanout_leaf=16, nr_cpu_ids=2
[    0.004000] NR_IRQS: 524544, nr_irqs: 440, preallocated irqs: 16
[    0.004000] Console: colour VGA+ 80x25
[    0.004000] console [tty1] enabled
[    0.004000] console [ttyS0] enabled
[    0.004000] ACPI: Core revision 20170831
[    0.004000] ACPI: 2 ACPI AML tables successfully acquired and loaded
[    0.004000] APIC: Switch to symmetric I/O mode setup
[    0.004000] x2apic enabled
[    0.004015] Switched APIC routing to physical x2apic.
[    0.012000] ..TIMER: vector=0x30 apic1=0 pin1=2 apic2=-1 pin2=-1
[    0.012007] tsc: Detected 1795.914 MHz processor
[    0.016025] Calibrating delay loop (skipped) preset value.. 3591.82 BogoMIPS (lpj=7183656)
[    0.020009] pid_max: default: 32768 minimum: 301
[    0.024126] Security Framework initialized
[    0.026830] Yama: becoming mindful.
[    0.028102] AppArmor: AppArmor initialized
[    0.034550] Dentry cache hash table entries: 131072 (order: 8, 1048576 bytes)
[    0.036203] Inode-cache hash table entries: 65536 (order: 7, 524288 bytes)
[    0.040042] Mount-cache hash table entries: 2048 (order: 2, 16384 bytes)
[    0.044019] Mountpoint-cache hash table entries: 2048 (order: 2, 16384 bytes)
[    0.049056] Last level iTLB entries: 4KB 512, 2MB 8, 4MB 8
[    0.052010] Last level dTLB entries: 4KB 512, 2MB 32, 4MB 32, 1GB 0
[    0.056008] Spectre V1 : Mitigation: usercopy/swapgs barriers and __user pointer sanitization
[    0.060015] Spectre V2 : Mitigation: Full generic retpoline
[    0.064009] Spectre V2 : Spectre v2 / SpectreRSB mitigation: Filling RSB on context switch
[    0.068008] Speculative Store Bypass: Vulnerable
[    0.072120] MDS: Vulnerable: Clear CPU buffers attempted, no microcode
[    0.076756] Freeing SMP alternatives memory: 36K
[    0.193285] smpboot: CPU0: Intel(R) Core(TM) i3-3217U CPU @ 1.80GHz (family: 0x6, model: 0x3a, stepping: 0x9)
[    0.196332] Performance Events: unsupported p6 CPU model 58 no PMU driver, software events only.
[    0.200149] Hierarchical SRCU implementation.
[    0.208987] NMI watchdog: Perf event create on CPU 0 failed with -2
[    0.212014] NMI watchdog: Perf NMI watchdog permanently disabled
[    0.216177] smp: Bringing up secondary CPUs ...
[    0.220489] x86: Booting SMP configuration:
[    0.227240] .... node  #0, CPUs:      #1
[    0.004000] kvm-clock: cpu 1, msr 0:3ff44041, secondary cpu clock
[    0.236075] smp: Brought up 1 node, 2 CPUs
[    0.239025] smpboot: Max logical packages: 1
[    0.240043] smpboot: Total of 2 processors activated (7183.65 BogoMIPS)
[    0.248094] devtmpfs: initialized
[    0.250404] x86/mm: Memory block size: 128MB
[    0.252784] evm: security.selinux
[    0.254919] evm: security.SMACK64
[    0.256006] evm: security.SMACK64EXEC
[    0.260006] evm: security.SMACK64TRANSMUTE
[    0.263300] evm: security.SMACK64MMAP
[    0.264006] evm: security.apparmor
[    0.268006] evm: security.ima
[    0.269956] evm: security.capability
[    0.272402] clocksource: jiffies: mask: 0xffffffff max_cycles: 0xffffffff, max_idle_ns: 7645041785100000 ns
[    0.276024] futex hash table entries: 512 (order: 3, 32768 bytes)
[    0.282493] pinctrl core: initialized pinctrl subsystem
[    0.284633] RTC time: 13:39:44, date: 01/15/20
[    0.288697] NET: Registered protocol family 16
[    0.292575] audit: initializing netlink subsys (disabled)
[    0.296178] audit: type=2000 audit(1579095594.487:1): state=initialized audit_enabled=0 res=1
[    0.304030] cpuidle: using governor ladder
[    0.308034] cpuidle: using governor menu
[    0.312318] ACPI: bus type PCI registered
[    0.316014] acpiphp: ACPI Hot Plug PCI Controller Driver version: 0.5
[    0.320393] PCI: Using configuration type 1 for base access
[    0.334181] HugeTLB registered 2.00 MiB page size, pre-allocated 0 pages
[    0.336394] ACPI: Added _OSI(Module Device)
[    0.340018] ACPI: Added _OSI(Processor Device)
[    0.344013] ACPI: Added _OSI(3.0 _SCP Extensions)
[    0.348013] ACPI: Added _OSI(Processor Aggregator Device)
[    0.352013] ACPI: Added _OSI(Linux-Dell-Video)
[    0.356035] ACPI: Added _OSI(Linux-Lenovo-NV-HDMI-Audio)
[    0.360036] ACPI: Added _OSI(Linux-HPI-Hybrid-Graphics)
[    0.364983] ACPI: Executed 1 blocks of module-level executable AML code
[    0.396000] ACPI: Interpreter enabled
[    0.396133] ACPI: (supports S0 S5)
[    0.400011] ACPI: Using IOAPIC for interrupt routing
[    0.405565] PCI: Using host bridge windows from ACPI; if necessary, use "pci=nocrs" and report a bug
[    0.408838] ACPI: Enabled 2 GPEs in block 00 to 07
[    0.450617] ACPI: PCI Root Bridge [PCI0] (domain 0000 [bus 00-ff])
[    0.452039] acpi PNP0A03:00: _OSC: OS supports [ASPM ClockPM Segments MSI]
[    0.462747] acpi PNP0A03:00: _OSC: not requesting OS control; OS requires [ExtendedConfig ASPM ClockPM MSI]
[    0.464051] acpi PNP0A03:00: fail to add MMCONFIG information, can't access extended PCI configuration space under this bridge.
[    0.469466] PCI host bridge to bus 0000:00
[    0.472016] pci_bus 0000:00: root bus resource [io  0x0000-0x0cf7 window]
[    0.476014] pci_bus 0000:00: root bus resource [io  0x0d00-0xffff window]
[    0.480014] pci_bus 0000:00: root bus resource [mem 0x000a0000-0x000bffff window]
[    0.484013] pci_bus 0000:00: root bus resource [mem 0x40000000-0xfdffffff window]
[    0.488011] pci_bus 0000:00: root bus resource [bus 00-ff]
[    0.501322] pci 0000:00:01.1: legacy IDE quirk: reg 0x10: [io  0x01f0-0x01f7]
[    0.504015] pci 0000:00:01.1: legacy IDE quirk: reg 0x14: [io  0x03f6]
[    0.508011] pci 0000:00:01.1: legacy IDE quirk: reg 0x18: [io  0x0170-0x0177]
[    0.512011] pci 0000:00:01.1: legacy IDE quirk: reg 0x1c: [io  0x0376]
[    0.568723] pci 0000:00:07.0: quirk: [io  0x4000-0x403f] claimed by PIIX4 ACPI
[    0.572062] pci 0000:00:07.0: quirk: [io  0x4100-0x410f] claimed by PIIX4 SMB
[    0.600578] ACPI: PCI Interrupt Link [LNKA] (IRQs 5 9 10 *11)
[    0.605941] ACPI: PCI Interrupt Link [LNKB] (IRQs 5 9 *10 11)
[    0.608631] ACPI: PCI Interrupt Link [LNKC] (IRQs 5 *9 10 11)
[    0.612545] ACPI: PCI Interrupt Link [LNKD] (IRQs 5 9 10 *11)
[    0.620165] SCSI subsystem initialized
[    0.622762] pci 0000:00:02.0: vgaarb: setting as boot VGA device
[    0.623746] pci 0000:00:02.0: vgaarb: VGA device added: decodes=io+mem,owns=io+mem,locks=none
[    0.624022] pci 0000:00:02.0: vgaarb: bridge control possible
[    0.628008] vgaarb: loaded
[    0.630236] ACPI: bus type USB registered
[    0.632079] usbcore: registered new interface driver usbfs
[    0.636086] usbcore: registered new interface driver hub
[    0.640093] usbcore: registered new device driver usb
[    0.644209] EDAC MC: Ver: 3.0.0
[    0.648110] PCI: Using ACPI for IRQ routing
[    0.652561] NetLabel: Initializing
[    0.655384] NetLabel:  domain hash size = 128
[    0.656010] NetLabel:  protocols = UNLABELED CIPSOv4 CALIPSO
[    0.660068] NetLabel:  unlabeled traffic allowed by default
[    0.664304] clocksource: Switched to clocksource kvm-clock
[    0.732137] VFS: Disk quotas dquot_6.6.0
[    0.734657] VFS: Dquot-cache hash table entries: 512 (order 0, 4096 bytes)
[    0.738941] AppArmor: AppArmor Filesystem Enabled
[    0.742089] pnp: PnP ACPI init
[    0.749279] pnp: PnP ACPI: found 3 devices
[    0.771946] clocksource: acpi_pm: mask: 0xffffff max_cycles: 0xffffff, max_idle_ns: 2085701024 ns
[    0.779570] NET: Registered protocol family 2
[    0.783095] TCP established hash table entries: 8192 (order: 4, 65536 bytes)
[    0.787326] TCP bind hash table entries: 8192 (order: 5, 131072 bytes)
[    0.793880] TCP: Hash tables configured (established 8192 bind 8192)
[    0.797998] UDP hash table entries: 512 (order: 2, 16384 bytes)
[    0.801900] UDP-Lite hash table entries: 512 (order: 2, 16384 bytes)
[    0.805922] NET: Registered protocol family 1
[    0.809883] pci 0000:00:00.0: Limiting direct PCI/PCI transfers
[    0.814126] pci 0000:00:01.0: Activating ISA DMA hang workarounds
[    0.818326] pci 0000:00:02.0: Video device with shadowed ROM at [mem 0x000c0000-0x000dffff]
[    0.823722] Unpacking initramfs...
[    1.998667] Freeing initrd memory: 19204K
[    2.001796] clocksource: tsc: mask: 0xffffffffffffffff max_cycles: 0x19e3158e453, max_idle_ns: 440795204036 ns
[    2.009858] platform rtc_cmos: registered platform RTC device (no PNP device found)
[    2.016077] Scanning for low memory corruption every 60 seconds
[    2.025168] Initialise system trusted keyrings
[    2.029537] Key type blacklist registered
[    2.033177] workingset: timestamp_bits=36 max_order=18 bucket_order=0
[    2.042694] zbud: loaded
[    2.046634] squashfs: version 4.0 (2009/01/31) Phillip Lougher
[    2.051639] fuse init (API version 7.26)
[    2.060159] Key type asymmetric registered
[    2.062799] Asymmetric key parser 'x509' registered
[    2.065992] Block layer SCSI generic (bsg) driver version 0.4 loaded (major 246)
[    2.071056] io scheduler noop registered
[    2.073668] io scheduler deadline registered
[    2.076561] io scheduler cfq registered (default)
[    2.080968] ACPI: AC Adapter [AC] (on-line)
[    2.083926] input: Power Button as /devices/LNXSYSTM:00/LNXPWRBN:00/input/input0
[    2.089158] ACPI: Power Button [PWRF]
[    2.091751] input: Sleep Button as /devices/LNXSYSTM:00/LNXSLPBN:00/input/input1
[    2.096945] ACPI: Sleep Button [SLPF]
[    2.104387] ACPI: Battery Slot [BAT0] (battery present)
[    2.107643] Serial: 8250/16550 driver, 32 ports, IRQ sharing enabled
[    2.135251] 00:02: ttyS0 at I/O 0x3f8 (irq = 4, base_baud = 115200) is a 16550A
[    2.154486] Linux agpgart interface v0.103
[    2.162356] loop: module loaded
[    2.166368] scsi host0: ata_piix
[    2.169082] scsi host1: ata_piix
[    2.171300] ata1: PATA max UDMA/33 cmd 0x1f0 ctl 0x3f6 bmdma 0xd000 irq 14
[    2.175311] ata2: PATA max UDMA/33 cmd 0x170 ctl 0x376 bmdma 0xd008 irq 15
[    2.180112] libphy: Fixed MDIO Bus: probed
[    2.183556] tun: Universal TUN/TAP device driver, 1.6
[    2.188355] PPP generic driver version 2.4.2
[    2.191228] ehci_hcd: USB 2.0 'Enhanced' Host Controller (EHCI) Driver
[    2.195412] ehci-pci: EHCI PCI platform driver
[    2.198405] ehci-platform: EHCI generic platform driver
[    2.201676] ohci_hcd: USB 1.1 'Open' Host Controller (OHCI) Driver
[    2.205315] ohci-pci: OHCI PCI platform driver
[    2.208222] ohci-platform: OHCI generic platform driver
[    2.211704] uhci_hcd: USB Universal Host Controller Interface driver
[    2.217345] i8042: PNP: PS/2 Controller [PNP0303:PS2K,PNP0f03:PS2M] at 0x60,0x64 irq 1,12
[    2.224025] serio: i8042 KBD port at 0x60,0x64 irq 1
[    2.227405] serio: i8042 AUX port at 0x60,0x64 irq 12
[    2.230901] mousedev: PS/2 mouse device common for all mice
[    2.235413] input: AT Translated Set 2 keyboard as /devices/platform/i8042/serio0/input/input2
[    2.241777] rtc_cmos rtc_cmos: rtc core: registered rtc_cmos as rtc0
[    2.247164] rtc_cmos rtc_cmos: alarms up to one day, 114 bytes nvram
[    2.251599] i2c /dev entries driver
[    2.254185] device-mapper: uevent: version 1.0.3
[    2.257534] device-mapper: ioctl: 4.37.0-ioctl (2017-09-20) initialised: dm-devel@redhat.com
[    2.263455] ledtrig-cpu: registered to indicate activity on CPUs
[    2.269072] NET: Registered protocol family 10
[    2.288482] Segment Routing with IPv6
[    2.291066] NET: Registered protocol family 17
[    2.294327] Key type dns_resolver registered
[    2.297636] mce: Using 0 MCE banks
[    2.299904] RAS: Correctable Errors collector initialized.
[    2.303384] sched_clock: Marking stable (2303326142, 0)->(3138633663, -835307521)
[    2.310052] registered taskstats version 1
[    2.313402] Loading compiled-in X.509 certificates
[    2.324137] Loaded X.509 cert 'Build time autogenerated kernel key: 62d24f9c726e026b112735485dad6e6e4b50c923'
[    2.330893] zswap: loaded using pool lzo/zbud
[    2.345913] Key type big_key registered
[    2.349235] Key type trusted registered
[    2.357432] Key type encrypted registered
[    2.360259] AppArmor: AppArmor sha1 policy hashing enabled
[    2.363835] ima: No TPM chip found, activating TPM-bypass! (rc=-19)
[    2.367969] ima: Allocated hash algorithm: sha1
[    2.372267] evm: HMAC attrs: 0x1
[    2.375578]   Magic number: 4:606:685
[    2.378369]  clocksource: hash matches
[    2.381219] rtc_cmos rtc_cmos: setting system clock to 2020-01-15 13:39:46 UTC (1579095586)
[    2.386826] BIOS EDD facility v0.16 2004-Jun-25, 0 devices found
[    2.390639] EDD information not available.
[    2.412493] Freeing unused kernel image memory: 2428K
[    2.428436] Write protecting the kernel read-only data: 20480k
[    2.436023] Freeing unused kernel image memory: 2008K
[    2.441012] Freeing unused kernel image memory: 1884K
[    2.506625] x86/mm: Checked W+X mappings: passed, no W+X pages found.
[    2.510552] x86/mm: Checking user space page tables
[    2.574153] x86/mm: Checked W+X mappings: passed, no W+X pages found.
Loading, please wait...
starting version 237
[    2.909510] Fusion MPT base driver 3.04.20
[    2.913399] Copyright (c) 1999-2008 LSI Corporation
[    2.918949] e1000: Intel(R) PRO/1000 Network Driver - version 7.3.21-k8-NAPI
[    2.924312] e1000: Copyright (c) 1999-2006 Intel Corporation.
[    2.955208] Fusion MPT SPI Host driver 3.04.20
[    3.111277] input: ImExPS/2 Generic Explorer Mouse as /devices/platform/i8042/serio1/input/input4
[    3.728858] e1000 0000:00:03.0 eth0: (PCI:33MHz:32-bit) 02:18:f1:ab:ad:9d
[    3.733894] e1000 0000:00:03.0 eth0: Intel(R) PRO/1000 Network Connection
[    3.743381] mptbase: ioc0: Initiating bringup
[    3.743693] e1000 0000:00:03.0 enp0s3: renamed from eth0
[    3.855024] ioc0: LSI53C1030 A0: Capabilities={Initiator}
[    4.110005] scsi host2: ioc0: LSI53C1030 A0, FwRev=00000000h, Ports=1, MaxQ=256, IRQ=20
[    4.283582] scsi 2:0:0:0: Direct-Access     VBOX     HARDDISK         1.0  PQ: 0 ANSI: 5
[    4.644886] scsi target2:0:0: Beginning Domain Validation
[    4.661694] scsi target2:0:0: Domain Validation skipping write tests
[    4.671104] scsi target2:0:0: Ending Domain Validation
[    4.676469] scsi target2:0:0: asynchronous
[    4.681532] scsi 2:0:1:0: Direct-Access     VBOX     HARDDISK         1.0  PQ: 0 ANSI: 5
[    5.037538] scsi target2:0:1: Beginning Domain Validation
[    5.048643] random: fast init done
[    5.062037] scsi target2:0:1: Domain Validation skipping write tests
[    5.067848] scsi target2:0:1: Ending Domain Validation
[    5.074537] scsi target2:0:1: asynchronous
[    5.097042] random: systemd-udevd: uninitialized urandom read (16 bytes read)
[    5.103884] random: systemd-udevd: uninitialized urandom read (16 bytes read)
[    5.113129] sd 2:0:0:0: Attached scsi generic sg0 type 0
[    5.113342] random: systemd-udevd: uninitialized urandom read (16 bytes read)
[    5.118884] sd 2:0:1:0: Attached scsi generic sg1 type 0
[    5.127969] sd 2:0:0:0: [sda] 20971520 512-byte logical blocks: (10.7 GB/10.0 GiB)
[    5.134852] sd 2:0:1:0: [sdb] 20480 512-byte logical blocks: (10.5 MB/10.0 MiB)
[    5.139934] sd 2:0:0:0: [sda] Write Protect is off
[    5.143062] sd 2:0:1:0: [sdb] Write Protect is off
[    5.146564] sd 2:0:1:0: [sdb] Incomplete mode parameter data
[    5.150010] sd 2:0:1:0: [sdb] Assuming drive cache: write through
[    5.154847] sd 2:0:0:0: [sda] Incomplete mode parameter data
[    5.158351] sd 2:0:0:0: [sda] Assuming drive cache: write through
[    5.210799]  sda: sda1
[    5.215437] sd 2:0:0:0: [sda] Attached SCSI disk
[    5.240198] sd 2:0:1:0: [sdb] Attached SCSI disk
Begin: Loading essential drivers ... [    8.428460] raid6: sse2x1   gen()  1449 MB/s
[    8.476282] raid6: sse2x1   xor()   962 MB/s
[    8.524091] raid6: sse2x2   gen()  3296 MB/s
[    8.580086] raid6: sse2x2   xor()  1524 MB/s
[    8.628052] raid6: sse2x4   gen()  3772 MB/s
[    8.676480] raid6: sse2x4   xor()  2125 MB/s
[    8.679346] raid6: using algorithm sse2x4 gen() 3772 MB/s
[    8.682919] raid6: .... xor() 2125 MB/s, rmw enabled
[    8.686178] raid6: using ssse3x2 recovery algorithm
[    8.692730] xor: automatically using best checksumming function   avx       
[    8.700683] async_tx: api initialized (async)
done.
Begin: Running /scripts/init-premount ... done.
Begin: Mounting root file system ... Begin: Running /scripts/local-top ... done.
Begin: Running /scripts/local-premount ... [    8.874061] Btrfs loaded, crc32c=crc32c-intel
Scanning for Btrfs filesystems
done.
Warning: fsck not present, so skipping root file system
[    9.096514] EXT4-fs (sda1): mounted filesystem with ordered data mode. Opts: (null)
done.
Begin: Running /scripts/local-bottom ... done.
Begin: Running /scripts/init-bottom ... done.
[   10.825999] ip_tables: (C) 2000-2006 Netfilter Core Team
[   10.982552] systemd[1]: systemd 237 running in system mode. (+PAM +AUDIT +SELINUX +IMA +APPARMOR +SMACK +SYSVINIT +UTMP +LIBCRYPTSETUP +GCRYPT +GNUTLS +ACL +XZ +LZ4 +SECCOMP +BLKID +ELFUTILS +KMOD -IDN2 +IDN -PCRE2 default-hierarchy=hybrid)
[   11.010562] systemd[1]: Detected virtualization oracle.
[   11.015653] systemd[1]: Detected architecture x86-64.
[   11.050536] random: crng init done
[   11.053045] random: 7 urandom warning(s) missed due to ratelimiting

Welcome to [1mUbuntu 18.04.3 LTS[0m!

[   11.071936] systemd[1]: Set hostname to <ubuntu>.
[   11.115511] systemd[1]: Initializing machine ID from random generator.
[   11.125736] systemd[1]: Installed transient /etc/machine-id file.
[   13.388614] systemd[1]: Reached target System Time Synchronized.
[[0;32m  OK  [0m] Reached target System Time Synchronized.
[   13.404237] systemd[1]: Started Forward Password Requests to Wall Directory Watch.
[[0;32m  OK  [0m] Started Forward Password Requests to Wall Directory Watch.
[   13.425300] systemd[1]: Reached target User and Group Name Lookups.
[[0;32m  OK  [0m] Reached target User and Group Name Lookups.
[   13.440161] systemd[1]: Created slice System Slice.
[[0;32m  OK  [0m] Created slice System Slice.
[[0;32m  OK  [0m] Listening on Device-mapper event daemon FIFOs.
[[0;32m  OK  [0m] Listening on Journal Socket.
         Starting Load Kernel Modules...
[[0;32m  OK  [0m] Listening on LVM2 poll daemon socket.
[[0;32m  OK  [0m] Listening on udev Control Socket.
[[0;32m  OK  [0m] Listening on Network Service Netlink Socket.
         Starting Uncomplicated firewall...
[[0;32m  OK  [0m] Created slice system-serial\x2dgetty.slice.
         Mounting Kernel Debug File System...
         Starting Create list of required stâ€¦ce nodes for the current kernel...
         Starting Set the console keyboard layout...
[[0;32m  OK  [0m] Listening on Journal Socket (/dev/log).
[[0;32m  OK  [0m] Listening on /dev/initctl Compatibility Named Pipe.
[[0;32m  OK  [0m] Created slice User and Session Slice.
[[0;32m  OK  [0m] Reached target Slices.
[[0;32m  OK  [0m] Listening on Syslog Socket.
[[0;32m  OK  [0m] Listening on udev Kernel Socket.
         Starting udev Coldplug all Devices...
         Starting Remount Root and Kernel File Systems...
[[0;32m  OK  [0m] Listening on Journal Audit Socket.
         Starting Journal Service...
[[0;32m  OK  [0m] Set up automount Arbitrary Executabâ€¦rmats File System Automount Point.
[   13.701855] Loading iSCSI transport class v2.0-870.
[[0;32m  OK  [0m] Listening on LVM2 metadata daemon socket.
         Starting Monitoring of LVM2 mirrorsâ€¦ng dmeventd or progress polling...
         Mounting POSIX Message Queue File System...
[[0;32m  OK  [0m] Reached target Swap.
         Mounting Huge Pages File System...
[[0;32m  OK  [0m] Started Uncomplicated firewall.
[[0;32m  OK  [0m] Mounted Kernel Debug File System.
[[0;32m  OK  [0m] Started Create list of required staâ€¦vice nodes for the current kernel.
[[0;32m  OK  [0m] Mounted POSIX Message Queue File System.
[[0;32m  OK  [0m] Mounted Huge Pages File System.
         Starting Create Static Device Nodes in /dev...
[[0;32m  OK  [0m] Started udev Coldplug all Devices.
[   14.019585] EXT4-fs (sda1): re-mounted. Opts: (null)
[   14.026709] iscsi: registered transport (tcp)
[[0;32m  OK  [0m] Started Remount Root and Kernel File Systems.
         Starting Load/Save Random Seed...
[[0;32m  OK  [0m] Started Journal Service.
         Starting Flush Journal to Persistent Storage...
[[0;32m  OK  [0m] Started Load/Save Random Seed.
[[0;32m  OK  [0m] Started LVM2 metadata daemon.
[[0;32m  OK  [0m] Started Create Static Device Nodes in /dev.
         Starting udev Kernel Device Manager...
[   14.687741] systemd-journald[379]: Received request to flush runtime journal from PID 1
[[0;32m  OK  [0m] Started Monitoring of LVM2 mirrors,â€¦sing dmeventd or progress polling.
[   14.815559] iscsi: registered transport (iser)
[[0;32m  OK  [0m] Started Load Kernel Modules.
         Starting Apply Kernel Variables...
         Mounting Kernel Configuration File System...
         Mounting FUSE Control File System...
[[0;32m  OK  [0m] Mounted Kernel Configuration File System.
[[0;32m  OK  [0m] Mounted FUSE Control File System.
[[0;32m  OK  [0m] Started Set the console keyboard layout.
[[0;32m  OK  [0m] Reached target Local File Systems (Pre).
[[0;32m  OK  [0m] Reached target Local File Systems.
         Starting Tell Plymouth To Write Out Runtime Data...
         Starting Commit a transient machine-id on disk...
         Starting ebtables ruleset management...
         Starting AppArmor initialization...
         Starting Set console font and keymap...
[[0;32m  OK  [0m] Started Flush Journal to Persistent Storage.
         Starting Create Volatile Files and Directories...
[[0;32m  OK  [0m] Started Tell Plymouth To Write Out Runtime Data.
[[0;32m  OK  [0m] Started Set console font and keymap.
[[0;32m  OK  [0m] Started Apply Kernel Variables.
[[0;32m  OK  [0m] Started Commit a transient machine-id on disk.
[[0;32m  OK  [0m] Started Create Volatile Files and Directories.
         Starting Update UTMP about System Boot/Shutdown...
[[0;32m  OK  [0m] Started Update UTMP about System Boot/Shutdown.
[[0;32m  OK  [0m] Started udev Kernel Device Manager.
[[0;32m  OK  [0m] Started Dispatch Password Requests to Console Directory Watch.
[[0;32m  OK  [0m] Reached target Local Encrypted Volumes.
[[0;32m  OK  [0m] Started ebtables ruleset management.
[[0;32m  OK  [0m] Found device /dev/ttyS0.
[[0;32m  OK  [0m] Listening on Load/Save RF Kill Switch Status /dev/rfkill Watch.
[[0;32m  OK  [0m] Started AppArmor initialization.
         Starting Initial cloud-init job (pre-networking)...
[   29.960239] cloud-init[529]: Cloud-init v. 19.3-41-gc4735dd3-0ubuntu1~18.04.1 running 'init-local' at Wed, 15 Jan 2020 13:40:12 +0000. Up 28.49 seconds.
[[0;32m  OK  [0m] Started Initial cloud-init job (pre-networking).
[[0;32m  OK  [0m] Reached target Network (Pre).
         Starting Network Service...
[[0;32m  OK  [0m] Started Network Service.
         Starting Wait for Network to be Configured...
         Starting Network Name Resolution...
[[0;32m  OK  [0m] Started Network Name Resolution.
[[0;32m  OK  [0m] Reached target Network.
[[0;32m  OK  [0m] Reached target Host and Network Name Lookups.
[[0;32m  OK  [0m] Started Wait for Network to be Configured.
         Starting Initial cloud-init job (metadata service crawler)...
[   34.491899] cloud-init[644]: Cloud-init v. 19.3-41-gc4735dd3-0ubuntu1~18.04.1 running 'init' at Wed, 15 Jan 2020 13:40:17 +0000. Up 33.84 seconds.
[   34.503507] cloud-init[644]: ci-info: ++++++++++++++++++++++++++++++++++++++Net device info++++++++++++++++++++++++++++++++++++++
[   34.507500] cloud-init[644]: ci-info: +--------+------+----------------------------+---------------+--------+-------------------+
[   34.515892] cloud-init[644]: ci-info: | Device |  Up  |          Address           |      Mask     | Scope  |     Hw-Address    |
[   34.521573] cloud-init[644]: ci-info: +--------+------+----------------------------+---------------+--------+-------------------+
[   34.525740] cloud-init[644]: ci-info: | enp0s3 | True |         10.0.2.15          | 255.255.255.0 | global | 02:18:f1:ab:ad:9d |
[   34.529889] cloud-init[644]: ci-info: | enp0s3 | True | fe80::18:f1ff:feab:ad9d/64 |       .       |  link  | 02:18:f1:ab:ad:9d |
[   34.533906] cloud-init[644]: ci-info: |   lo   | True |         127.0.0.1          |   255.0.0.0   |  host  |         .         |
[   34.538017] cloud-init[644]: ci-info: |   lo   | True |          ::1/128           |       .       |  host  |         .         |
[   34.542048] cloud-init[644]: ci-info: +--------+------+----------------------------+---------------+--------+-------------------+
[   34.546128] cloud-init[644]: ci-info: ++++++++++++++++++++++++++++Route IPv4 info+++++++++++++++++++++++++++++
[   34.551497] cloud-init[644]: ci-info: +-------+-------------+----------+-----------------+-----------+-------+
[   34.555184] cloud-init[644]: ci-info: | Route | Destination | Gateway  |     Genmask     | Interface | Flags |
[   34.558543] cloud-init[644]: ci-info: +-------+-------------+----------+-----------------+-----------+-------+
[   34.562308] cloud-init[644]: ci-info: |   0   |   0.0.0.0   | 10.0.2.2 |     0.0.0.0     |   enp0s3  |   UG  |
[   34.566376] cloud-init[644]: ci-info: |   1   |   10.0.2.0  | 0.0.0.0  |  255.255.255.0  |   enp0s3  |   U   |
[   34.570263] cloud-init[644]: ci-info: |   2   |   10.0.2.2  | 0.0.0.0  | 255.255.255.255 |   enp0s3  |   UH  |
[   34.573819] cloud-init[644]: ci-info: +-------+-------------+----------+-----------------+-----------+-------+
[   34.577453] cloud-init[644]: ci-info: +++++++++++++++++++Route IPv6 info+++++++++++++++++++
[   34.580342] cloud-init[644]: ci-info: +-------+-------------+---------+-----------+-------+
[   34.584970] cloud-init[644]: ci-info: | Route | Destination | Gateway | Interface | Flags |
[   34.601066] cloud-init[644]: ci-info: +-------+-------------+---------+-----------+-------+
[   34.604183] cloud-init[644]: ci-info: |   1   |  fe80::/64  |    ::   |   enp0s3  |   U   |
[   34.607194] cloud-init[644]: ci-info: |   3   |    local    |    ::   |   enp0s3  |   U   |
[   34.610626] cloud-init[644]: ci-info: |   4   |   ff00::/8  |    ::   |   enp0s3  |   U   |
[   34.613884] cloud-init[644]: ci-info: +-------+-------------+---------+-----------+-------+
[   38.045450] cloud-init[644]: Generating public/private rsa key pair.
[   38.050023] cloud-init[644]: Your identification has been saved in /etc/ssh/ssh_host_rsa_key.
[   38.065124] cloud-init[644]: Your public key has been saved in /etc/ssh/ssh_host_rsa_key.pub.
[   38.070488] cloud-init[644]: The key fingerprint is:
[   38.073503] cloud-init[644]: SHA256:6XtxFyF1KbagN/A/0BaDK2B2DWubfpbWmcSXaDETLqQ root@ubuntu-bionic
[   38.079154] cloud-init[644]: The key's randomart image is:
[   38.097313] cloud-init[644]: +---[RSA 2048]----+
[   38.100565] cloud-init[644]: |         .o..o. o|
[   38.104437] cloud-init[644]: |       + o++o=oo |
[   38.108115] cloud-init[644]: |      o oE+.=*=. |
[   38.112010] cloud-init[644]: |        .+o*o+* .|
[   38.115730] cloud-init[644]: |        Soo == + |
[   38.118951] cloud-init[644]: |       .. . *o=  |
[   38.122335] cloud-init[644]: |        .. B =.  |
[   38.125728] cloud-init[644]: |         .=      |
[   38.129492] cloud-init[644]: |        ..       |
[   38.133116] cloud-init[644]: +----[SHA256]-----+
[   38.136302] cloud-init[644]: Generating public/private dsa key pair.
[   38.140364] cloud-init[644]: Your identification has been saved in /etc/ssh/ssh_host_dsa_key.
[   38.156811] cloud-init[644]: Your public key has been saved in /etc/ssh/ssh_host_dsa_key.pub.
[   38.162114] cloud-init[644]: The key fingerprint is:
[   38.165480] cloud-init[644]: SHA256:VXzZziJSRKn3n6v2CjKNh9UTHyCJGFRZwf4QCLYQqr8 root@ubuntu-bionic
[   38.170574] cloud-init[644]: The key's randomart image is:
[   38.174135] cloud-init[644]: +---[DSA 1024]----+
[   38.193051] cloud-init[644]: |     oo==.*B*o o |
[   38.196062] cloud-init[644]: |    . o..+ == + .|
[[0;32m  OK  [0m] Started Initial cloud-init job (metadata service crawler).
[   38.211981] [[0;32m  OK  [0m] Reached target Cloud-config availability.
[[0;32m  OK  [0m] Reached target Network is Online.
cloud-init[644]: |   .   .  oo.o + |
[   38.221148] cloud-init[644]: |  .      .oo+ + +|
[   38.224516] cloud-init[644]: | .      S  +o= o |
[   38.229176] cloud-init[644]: |  .       =  .o  |
[   38.232775] cloud-init[644]: |   .     = +   ..|         Starting Availability of block devices...
[[0;32m  OK  [0m] Reached target Remote File Systems (Pre).
[[0;32m  OK  [0m] Reached target Remote File Systems.
[[0;32m  OK  [0m] Reached target System Initialization.
[[0;32m  OK  [0m] Listening on D-Bus System Message Bus Socket.

[   38.251949] cloud-init[644]: |    .     + .. ..|
[   38.259382] cloud-init[644]: |   E        .o+o.|
[   38.264616] cloud-init[644]: +----[SHA256]-----+
[   38.288611] [[0;32m  OK  [0m] Started ACPI Events Check.
[[0;32m  OK  [0m] Reached target Paths.
[[0;32m  OK  [0m] Started Daily Cleanup of Temporary Directories.
cloud-init[644]:          Starting Socket activation for snappy daemon.
[[0;32m  OK  [0m] Started Message of the Day.
[[0;32m  OK  [0m] Started Discard unused blocks once a week.
Generating public/private ecdsa key pair.
[   38.306105] cloud-init[644]: Your identification has been saved in /etc/ssh/ssh_host_ecdsa_key.
[   38.310811] cloud-init[644]: Your public key has been saved in /etc/ssh/ssh_host_ecdsa_key.pub.
[   38.315342] cloud-init[644]: The key fingerprint is:
[   38.317917] cloud-init[644]: SHA256:TC3Ci4CLRo4MthDSOXr4Meyq4M9ecMAWrY8rnycpqk8 root@ubuntu-bionic
[   38.324172] cloud-init[644]: The key's randomart image is:
         Starting LXD - unix socket.
[[0;32m  OK  [0m] Listening on ACPID Listen Socket.
[[0;32m  OK  [0m] Listening on UUID daemon activation socket.
[[0;32m  OK  [0m] Started Daily apt download activities.
[[0;32m  OK  [0m] Started Daily apt upgrade and clean activities.
[[0;32m  OK  [0m] Reached target Timers.
[[0;32m  OK  [0m] Listening on Open-iSCSI iscsid Socket.
[[0;32m  OK  [0m] Started Availability of block devices.
[[0;32m  OK  [0m] Listening on Socket activation for snappy daemon.
[   38.336702] cloud-init[644]: +---[ECDSA 256]---+
[[0;32m  OK  [0m] Listening on LXD - unix socket.
[[0;32m  OK  [0m] Reached target Sockets.
[[0;32m  OK  [0m] Reached target Basic System.
[   38.377903] cloud-init[644]: |o. o.            |
[   38.390368] cloud-init[644]: |.o= .o   .       |
[   38.393940] cloud-init[644]: |+*.=. o o .      |         Starting Login Service...
         Starting LXD - container startup/shutdown...

         Starting LSB: automatic crash report generation...
[   38.414739] cloud-init[644]: |%.Bo.. = .       |
[   38.435530] cloud-init[644]: |+O ++.. S        |
[   38.438796] cloud-init[644]: |. o.o.           |
[   38.443058] cloud-init[644]: |..E o.           |
[   38.446762] cloud-init[644]: |++.+o.           |
[   38.453922] cloud-init[644]: |BoB*o            |
[[0;32m  OK  [0m] Started Regular background program processing daemon.
[   38.467708] cloud-init[644]: +----[SHA256]-----+
         Starting LSB: Record successful boot for GRUB...
[   38.483351] cloud-init[644]: Generating public/private ed25519 key pair.
[   38.491467] cloud-init[644]: Your identification has been saved in /etc/ssh/ssh_host_ed25519_key.
[   38.502708] cloud-init[644]: Your public key has been saved in /etc/ssh/ssh_host_ed25519_key.pub.
[   38.508085] cloud-init[644]: The key fingerprint is:
[   38.516695] cloud-init[644]: SHA256:jaoLl6Myv57ZPwb1Sn//oFGSLRYmRdn8tHDp8FhtDmU root@ubuntu-bionic
[   38.523997] cloud-init[644]: The key's randomart image is:
[   38.529837] cloud-init[644]: +--[ED25519 256]--+
[   38.533703] cloud-init[644]: |         .o+   +E|
[   38.538146] cloud-init[644]: |         .. = *.o|
[   38.541160] cloud-init[644]: |        . o  @ = |
[   38.544557] cloud-init[644]: |      .  = +. = .|
[   38.556790] cloud-init[644]: |     . .S * o    |
[   38.560057] cloud-init[644]: |    ...... +     |
[   38.563710] cloud-init[644]: |  . +o.o  . .    |
[   38.568765] cloud-init[644]: |o  B o+ . .o .   |
[   38.574677] cloud-init[644]: | =B.++.. ......  |
[   38.581776] cloud-init[644]: +----[SHA256]-----+
         Starting Dispatcher daemon for systemd-networkd...
         Starting Virtualbox guest utils...
         Starting System Logging Service...
         Starting Pollinate to seed the pseudo random number generator...
[[0;32m  OK  [0m] Started irqbalance daemon.
[[0;32m  OK  [0m] Started Deferred execution scheduler.
         Starting Permit User Sessions...
[[0;32m  OK  [0m] Started FUSE filesystem for LXC.
         Starting Accounts Service...
[[0;32m  OK  [0m] Started D-Bus System Message Bus.
[[0;32m  OK  [0m] Started Login Service.
[[0;32m  OK  [0m] Started Unattended Upgrades Shutdown.
         Starting Snappy daemon...
[[0;32m  OK  [0m] Started System Logging Service.
[[0;32m  OK  [0m] Started Permit User Sessions.
         Starting Hold until boot process finishes up...
         Starting Terminate Plymouth Boot Screen...
[[0;32m  OK  [0m] Started Hold until boot process finishes up.
[[0;32m  OK  [0m] Started Serial Getty on ttyS0.
         Starting Set console scheme...
[[0;32m  OK  [0m] Started Terminate Plymouth Boot Screen.
[[0;32m  OK  [0m] Started Set console scheme.
[[0;32m  OK  [0m] Created slice system-getty.slice.
[[0;32m  OK  [0m] Started Getty on tty1.
[[0;32m  OK  [0m] Reached target Login Prompts.
         Starting Authorization Manager...
[[0;32m  OK  [0m] Started LSB: automatic crash report generation.
[[0;32m  OK  [0m] Started LSB: Record successful boot for GRUB.
[[0;32m  OK  [0m] Started Authorization Manager.
[[0;32m  OK  [0m] Started Accounts Service.
[[0;32m  OK  [0m] Started Virtualbox guest utils.
[[0;32m  OK  [0m] Started Dispatcher daemon for systemd-networkd.
[[0;32m  OK  [0m] Started LXD - container startup/shutdown.

Ubuntu 18.04.3 LTS ubuntu-bionic ttyS0

ubuntu-bionic login: [   63.074931] cloud-init[1281]: Cloud-init v. 19.3-41-gc4735dd3-0ubuntu1~18.04.1 running 'modules:config' at Wed, 15 Jan 2020 13:40:40 +0000. Up 56.23 seconds.
ci-info: no authorized ssh keys fingerprints found for user ubuntu.
<14>Jan 15 13:40:50 ec2: 
<14>Jan 15 13:40:50 ec2: #############################################################
<14>Jan 15 13:40:50 ec2: -----BEGIN SSH HOST KEY FINGERPRINTS-----
<14>Jan 15 13:40:50 ec2: 1024 SHA256:VXzZziJSRKn3n6v2CjKNh9UTHyCJGFRZwf4QCLYQqr8 root@ubuntu-bionic (DSA)
<14>Jan 15 13:40:50 ec2: 256 SHA256:TC3Ci4CLRo4MthDSOXr4Meyq4M9ecMAWrY8rnycpqk8 root@ubuntu-bionic (ECDSA)
<14>Jan 15 13:40:50 ec2: 256 SHA256:jaoLl6Myv57ZPwb1Sn//oFGSLRYmRdn8tHDp8FhtDmU root@ubuntu-bionic (ED25519)
<14>Jan 15 13:40:50 ec2: 2048 SHA256:6XtxFyF1KbagN/A/0BaDK2B2DWubfpbWmcSXaDETLqQ root@ubuntu-bionic (RSA)
<14>Jan 15 13:40:50 ec2: -----END SSH HOST KEY FINGERPRINTS-----
<14>Jan 15 13:40:50 ec2: #############################################################
-----BEGIN SSH HOST KEY KEYS-----
ecdsa-sha2-nistp256 AAAAE2VjZHNhLXNoYTItbmlzdHAyNTYAAAAIbmlzdHAyNTYAAABBBLgEx1HvXy9iTVW2cfpfzZYwHkKiCGImAIvPaIR4gdq+Jbmn0bVZCGnYK5vExYN8Bthz/MAQnLUsiTXzu6sCHWo= root@ubuntu-bionic
ssh-ed25519 AAAAC3NzaC1lZDI1NTE5AAAAIJnWwyMdtKLkgSU6laTn9s+ujHS41tbL3dOGs2cZX/wJ root@ubuntu-bionic
ssh-rsa AAAAB3NzaC1yc2EAAAADAQABAAABAQCztX4ZeUZLNAB5wQUxp5jrntyXOSwqqccV0k1gic+TkYJENKzO57qJH2y61H0qyNU6edsEbMy/BSPdgH6JZ1c4totXIe3rq7fM5u3+C5aIpxWzB1q8B64+hqcm92eN3tXAUGD+xEmUUNgdpe89ZH4iS7B+xKTyxbCJ+FWQpELTjexotJSJ3OT6jJcJkBmMoOLskdGEhnQGi1/QCE8MxfUg3Vh0tUU3ByEmPbsO2bCXBuuhhdetMb/E0xwNHqql652vBLwUai3nf1xqCJnFX1KZEhMlXrt1hABusp3TAxcZOAKZHiJbu2OxdSCKtrneZvzY4BRHULjf5NQLySikVRUb root@ubuntu-bionic
-----END SSH HOST KEY KEYS-----
[   66.225617] cloud-init[1483]: Cloud-init v. 19.3-41-gc4735dd3-0ubuntu1~18.04.1 running 'modules:final' at Wed, 15 Jan 2020 13:40:49 +0000. Up 65.27 seconds.
[   66.236806] cloud-init[1483]: ci-info: no authorized ssh keys fingerprints found for user ubuntu.
[   66.250386] cloud-init[1483]: Cloud-init v. 19.3-41-gc4735dd3-0ubuntu1~18.04.1 finished at Wed, 15 Jan 2020 13:40:50 +0000. Datasource DataSourceNoCloud [seed=/dev/sdb][dsmode=net].  Up 66.13 seconds
